<html>
<body>
<pre>
<h1>µVision Build Log</h1>
<h2>Project:</h2>
\\Mac\Home\Desktop\lab-6-fawadul-h-and-rafael-h\Lab6.uvproj
Project File Date:  10/24/2017

<h2>Output:</h2>
Build target 'Lab6'
compiling Sound.c...
linking...
Program Size: Code=6208 RO-data=9592 RW-data=152 ZI-data=1816  
".\Lab6.axf" - 0 Error(s), 0 Warning(s).
Load "\\\\Mac\\Home\\Desktop\\lab-6-fawadul-h-and-rafael-h\\Lab6.axf" 
Connecting: Mode=JTAG, Speed=1000000Hz
Erase Done.
Programming Done.
Verify OK.
arning, 0 errors
linking...
Program Size: Code=6296 RO-data=9592 RW-data=156 ZI-data=1820  
".\Lab6.axf" - 0 Error(s), 2 Warning(s).
Load "\\\\Mac\\Home\\Desktop\\lab-6-fawadul-h-and-rafael-h\\Lab6.axf" 
Connecting: Mode=JTAG, Speed=1000000Hz
Erase Done.
Programming Done.
Verify OK.
\\lab-6-fawadul-h-and-rafael-h\\Lab6.axf" 
Connecting: Mode=JTAG, Speed=1000000Hz
Connection failed!, error code=&d
Error: Flash Download failed  -  Target DLL has been cancelled
Load "\\\\Mac\\Home\\Desktop\\lab-6-fawadul-h-and-rafael-h\\Lab6.axf" 
Connecting: Mode=JTAG, Speed=1000000Hz
Erase Done.
Programming Done.
Verify OK.
Error: Target DLL has been cancelled. Debugger aborted !
